// Jest Snapshot v1, https://goo.gl/fbAQLP

exports[`GuitarCardDetails successfully rendered 1`] = `
<div
  className="wrapper"
>
  <header
    className="header"
    id="header"
  >
    <div
      className="container header__wrapper"
    >
      <a
        className="header__logo logo"
        href="/"
        onClick={[Function]}
      >
        <img
          alt="Логотип"
          className="logo__img"
          height="70"
          src="/img/svg/logo.svg"
          width="70"
        />
      </a>
      <nav
        className="main-nav"
      >
        <ul
          className="main-nav__list"
        >
          <li>
            <a
              className="link main-nav__link link--current"
              href="#"
            >
              Каталог
            </a>
          </li>
          <li>
            <a
              className="link main-nav__link"
              href="#"
            >
              Где купить?
            </a>
          </li>
          <li>
            <a
              className="link main-nav__link"
              href="#"
            >
              О компании
            </a>
          </li>
        </ul>
      </nav>
      <div
        className="form-search"
      >
        <form
          className="form-search__form"
          id="form-search"
        >
          <button
            className="form-search__submit"
            type="submit"
          >
            <svg
              aria-hidden="true"
              className="form-search__icon"
              height="15"
              width="14"
            >
              <use
                xlinkHref="#icon-search"
              />
            </svg>
            <span
              className="visually-hidden"
            >
              Начать поиск
            </span>
          </button>
          <input
            autoComplete="off"
            className="form-search__input"
            id="search"
            placeholder="что вы ищите?"
            type="text"
          />
          <label
            className="visually-hidden"
            htmlFor="search"
          >
            Поиск
          </label>
        </form>
        <ul
          className="form-search__select-list hidden"
        >
          <li
            className="form-search__select-item"
            tabIndex={0}
          >
            Четстер Plus
          </li>
          <li
            className="form-search__select-item"
            tabIndex={0}
          >
            Четстер UX
          </li>
          <li
            className="form-search__select-item"
            tabIndex={0}
          >
            Четстер UX2
          </li>
          <li
            className="form-search__select-item"
            tabIndex={0}
          >
            Четстер UX3
          </li>
          <li
            className="form-search__select-item"
            tabIndex={0}
          >
            Четстер UX4
          </li>
          <li
            className="form-search__select-item"
            tabIndex={0}
          >
            Четстер UX5
          </li>
        </ul>
        <button
          className="form-search__reset"
          form="form-search"
          type="reset"
        >
          <svg
            aria-hidden="true"
            className="form-search__icon"
            height="15"
            width="14"
          >
            <use
              xlinkHref="#icon-close"
            />
          </svg>
          <span
            className="visually-hidden"
          >
            Сбросить поиск
          </span>
        </button>
      </div>
      <a
        aria-label="Корзина"
        className="header__cart-link"
        href="#"
      >
        <svg
          aria-hidden="true"
          className="header__cart-icon"
          height="14"
          width="14"
        >
          <use
            xlinkHref="#icon-basket"
          />
        </svg>
        <span
          className="visually-hidden"
        >
          Перейти в корзину
        </span>
        <span
          className="header__cart-count"
        >
          2
        </span>
      </a>
    </div>
  </header>
  <main
    className="page-content"
  >
    <div
      className="container"
    >
      <h1
        className="page-content__title title title--bigger"
      >
        Честер Bass
      </h1>
      <ul
        className="breadcrumbs page-content__breadcrumbs"
      >
        <li
          className="breadcrumbs__item"
        >
          <a
            className="link"
            href="/"
            onClick={[Function]}
          >
            Главная
          </a>
        </li>
        <li
          className="breadcrumbs__item"
        >
          <a
            className="link"
            href="/"
            onClick={[Function]}
          >
            Каталог
          </a>
        </li>
        <li
          className="breadcrumbs__item"
        >
          <span>
            Честер Bass
          </span>
        </li>
      </ul>
      <div
        className="product-container"
      >
        <img
          alt=""
          className="product-container__img"
          height="235"
          src="/img/content/catalog-product-1.jpg"
          srcSet="/img/content/catalog-product-1@2x.jpg 2x"
          width="90"
        />
        <div
          className="product-container__info-wrapper"
        >
          <h2
            className="product-container__title title title--big title--uppercase"
          >
            Честер Bass
          </h2>
          <div
            className="rate product-container__rating"
          >
            <svg
              aria-hidden="true"
              height="14"
              key="4 - 1"
              width="14"
            >
              <use
                xlinkHref="#icon-full-star"
              />
            </svg>
            <svg
              aria-hidden="true"
              height="14"
              key="4 - 2"
              width="14"
            >
              <use
                xlinkHref="#icon-full-star"
              />
            </svg>
            <svg
              aria-hidden="true"
              height="14"
              key="4 - 3"
              width="14"
            >
              <use
                xlinkHref="#icon-full-star"
              />
            </svg>
            <svg
              aria-hidden="true"
              height="14"
              key="4 - 4"
              width="14"
            >
              <use
                xlinkHref="#icon-full-star"
              />
            </svg>
            <svg
              aria-hidden="true"
              height="14"
              key="4 - 5"
              width="14"
            >
              <use
                xlinkHref="#icon-star"
              />
            </svg>
            <p
              className="visually-hidden"
            >
              Оценка: 
              Хорошо
            </p>
            <p
              className="rate__count"
            >
              <span
                className="visually-hidden"
              >
                Всего оценок:
              </span>
               
              0
            </p>
          </div>
          <div
            className="tabs"
          >
            <a
              className="button button--medium tabs__button button--black-border"
              href="/product/undefined/characteristics"
              onClick={[Function]}
            >
              Характеристики
            </a>
            <a
              className="button button--medium tabs__button button--black-border "
              href="/product/undefined/description"
              onClick={[Function]}
            >
              Описание
            </a>
            <div
              className="tabs__content"
              id="characteristics"
            >
              <table
                className="tabs__table hidden"
              >
                <tbody>
                  <tr
                    className="tabs__table-row"
                  >
                    <td
                      className="tabs__title"
                    >
                      Артикул:
                    </td>
                    <td
                      className="tabs__value"
                    >
                      SO757575
                    </td>
                  </tr>
                  <tr
                    className="tabs__table-row"
                  >
                    <td
                      className="tabs__title"
                    >
                      Тип:
                    </td>
                    <td
                      className="tabs__value"
                    >
                      Электрогитара
                    </td>
                  </tr>
                  <tr
                    className="tabs__table-row"
                  >
                    <td
                      className="tabs__title"
                    >
                      Количество струн:
                    </td>
                    <td
                      className="tabs__value"
                    >
                      7
                       струнная
                    </td>
                  </tr>
                </tbody>
              </table>
              <p
                className="tabs__product-description  hidden"
              >
                Замечательный малобюджетный вариант, созданный для новичков, которые отдают предпочтение мелодичным стилям. Прекрасно звучат блюз и баллады, исполненные на этой гитаре. Акустические свойства весьма высоки, в отличие от ее стоимости.
              </p>
            </div>
          </div>
        </div>
        <div
          className="product-container__price-wrapper"
        >
          <p
            className="product-container__price-info product-container__price-info--title"
          >
            Цена:
          </p>
          <p
            className="product-container__price-info product-container__price-info--value"
          >
            17 500
             ₽
          </p>
          <button
            className="button button--red button--big product-container__button"
            onClick={[Function]}
          >
            Добавить в корзину
          </button>
        </div>
      </div>
      <section
        className="reviews"
      >
        <h3
          className="reviews__title title title--bigger"
        >
          Отзывы
        </h3>
        <button
          className="button button--red-border button--big reviews__sumbit-button"
          onClick={[Function]}
        >
          Оставить отзыв
        </button>
        <div />
        <button
          className="button button--up button--red-border button--big reviews__up-button"
          onClick={[Function]}
        >
          Наверх
        </button>
      </section>
    </div>
    <div />
  </main>
  <footer
    className="footer"
  >
    <div
      className="footer__container container"
    >
      <a
        className="footer__logo logo"
        href="/"
      >
        <img
          alt="Логотип"
          className="logo__img"
          height="70"
          src="./img/svg/logo.svg"
          width="70"
        />
      </a>
      <div
        className="socials footer__socials"
      >
        <ul
          className="socials__list"
        >
          <li
            className="socials-item"
          >
            <a
              aria-label="skype"
              className="socials__link"
              href="https://www.skype.com/"
            >
              <svg
                aria-hidden="true"
                className="socials__icon"
                height="24"
                width="24"
              >
                <use
                  xlinkHref="#icon-skype"
                />
              </svg>
            </a>
          </li>
          <li
            className="socials-item"
          >
            <a
              aria-label="vsco"
              className="socials__link"
              href="https://www.vsco.com/"
            >
              <svg
                aria-hidden="true"
                className="socials__icon"
                height="24"
                width="24"
              >
                <use
                  xlinkHref="#icon-vsco"
                />
              </svg>
            </a>
          </li>
          <li
            className="socials-item"
          >
            <a
              aria-label="pinterest"
              className="socials__link"
              href="https://www.pinterest.com/"
            >
              <svg
                aria-hidden="true"
                className="socials__icon"
                height="24"
                width="24"
              >
                <use
                  xlinkHref="#icon-pinterest"
                />
              </svg>
            </a>
          </li>
        </ul>
      </div>
      <section
        className="footer__nav-section footer__nav-section--info"
      >
        <h2
          className="footer__nav-title"
        >
          О нас
        </h2>
        <p
          className="footer__nav-content footer__nav-content--font-secondary"
        >
          Магазин гитар, музыкальных инструментов и гитарная мастерская 
          <br />
           в Санкт-Петербурге.
          <br />
          <br />
          Все инструменты проверены, отстроены 
          <br />
           и доведены до идеала!
        </p>
      </section>
      <section
        className="footer__nav-section footer__nav-section--links"
      >
        <h2
          className="footer__nav-title"
        >
          Информация
        </h2>
        <ul
          className="footer__nav-list"
        >
          <li
            className="footer__nav-list-item"
          >
            <a
              className="link"
              href="#top"
            >
              Где купить?
            </a>
          </li>
          <li
            className="footer__nav-list-item"
          >
            <a
              className="link"
              href="#top"
            >
              Блог
            </a>
          </li>
          <li
            className="footer__nav-list-item"
          >
            <a
              className="link"
              href="#top"
            >
              Вопрос - ответ
            </a>
          </li>
          <li
            className="footer__nav-list-item"
          >
            <a
              className="link"
              href="#top"
            >
              Возврат
            </a>
          </li>
          <li
            className="footer__nav-list-item"
          >
            <a
              className="link"
              href="#top"
            >
              Сервис-центры
            </a>
          </li>
        </ul>
      </section>
      <section
        className="footer__nav-section footer__nav-section--contacts"
      >
        <h2
          className="footer__nav-title"
        >
          Контакты
        </h2>
        <p
          className="footer__nav-content"
        >
          г. Санкт-Петербург,
          <br />
           м. Невский проспект, 
          <br />
          ул. Казанская 6.
        </p>
        <div
          className="footer__nav-content"
        >
          <svg
            aria-hidden="true"
            className="footer__icon"
            height="8"
            width="8"
          >
            <use
              xlinkHref="#icon-phone"
            />
          </svg>
          <a
            className="link"
            href="tel:88125005050"
          >
             8-812-500-50-50
          </a>
        </div>
        <p
          className="footer__nav-content"
        >
          Режим работы:
          <br />
          <span
            className="footer__span"
          >
            <svg
              aria-hidden="true"
              className="footer__icon"
              height="13"
              width="13"
            >
              <use
                xlinkHref="#icon-clock"
              />
            </svg>
            <span>
               с 11:00 до 20:00
            </span>
            <span>
              без выходных
            </span>
          </span>
        </p>
      </section>
    </div>
  </footer>
</div>
`;
